01^HLX^HLX (Hapag-Lloyd Express)^Germany^Yellow Cab
02^VIV^Viva Aerobus^Mexico^AEROENLACES
0B^JOR^Blue Air^Romania^Blue Transport
0C^IBL^Catovair^Mauritius^ 
0D^DWT^Darwin Airline^Switzerland^ 
1B^BGH^BH Air^Bulgaria^BALKAN HOLIDAYS
1D^ITK^Interlink Airlines^South Africa^INTERLINK
1L^NVR^Novair^Sweden^Navigator
1T^RNX^1Time^South Africa^NEXTTIME
1X^^Branson Air Express^United States^ 
2B^ARD^Aerocondor^Portugal^Aerocondor
2C^^SNCF^France^ 
2D^DBK^Dubrovnik Airline^Croatia^SEAGULL
2E^PHW^Smokey Bay Air^United States^ 
2F^FTA^Frontier Flying Service^United States^Frontier - Air
2H^^Thalys^France^ 
2I^SRU^Star Peru^Peru^ 
2J^VBW^Air Burkina^Burkina Faso^ 
2K^GLG^Aerogal Aerolineas Galapagos^Ecuador^ 
2L^OAW^Helvetic Airways^Switzerland^Helvetic
2M^MDV^Moldavian Airlines^Moldova^ 
2N^NTJ^Nextjet^Sweden^Nextjet
2O^^Island Air Service^United States^ 
2P^GAP^Air Philippines^Philippines^Air Philippines
2Q^ETS^Air Cargo Carriers^United States^ 
2S^^Star Equatorial Airlines^Equatorial Guinea^ 
2T^ANH^Alajnihah Airways^Libya^ALAJNIHAH
2U^ERO^Sun d’Or International Airlines^Israel^Echo Romeo
2W^WLC^Welcome Air^Austria^Welcome Air
3B^BFR^Burkina Airlines^Burkina Faso^BURKLINES
3E^EMU^East Asia Airlines^Hong Kong^ 
3F^^Pacific Airways^United States^ 
3H^AIE^Air Inuit^Canada^ 
3K^JSA^Jetstar Asia^Singapore^Jetstar Asia
3L^ISK^InterSky^Austria^Inter Sky
3M^GFT^Gulfstream International^United States^ 
3O^JUN^Jubba Airways^Somalia^Jubba
3P^TNM^Tiara Air^Aruba^Tiara
3S^GUY^Air Guyane Express^French Guiana^ 
3T^URN^Turan Air^Azerbaijan^ 
3U^CSC^Sichuan Airlines^China^ 
3V^TAY^TNT Airways^Belgium^Quality
3X^JAC^Japan Air Commuter^Japan^ 
3Y^KAE^Kartika Airlines^Indonesia^KARTIKA
3Z^NEC^Everts Air/Tatonduk Outfitters^United States^ 
43^GOT^Gotlandsflyg^Sweden^ 
4A^AKL^Air Kiribati^Kiribati^ 
4B^PAG^Aviastar-Tu Co.^Russian Federation^ 
4C^ARE^AIRES^Colombia^AIRES
4D^ASD^Air Sinai^Egypt^ 
4E^TNR^Tanana Air Service^United States^ 
4G^GZP^Gazpromavia^Russian Federation^ 
4H^UBD^United Airways (Bangladesh)^Bangladesch^UNITED BANGLADESH
4I^IZM^Izair^Turkey^ 
4K^AAS^Kenn Borek Air^Canada^ 
4L^MJX^Euroline^Georgia^ 
4M^DSM^LAN Argentina^Argentina^Lancana
4N^ANT^Air North^Canada^Air North
4O^AIJ^Interjet^Mexico^ABC Aerolineas
4P^VIK^Viking Airlines^Sweden^Swedjet
4Q^SFW^Safi Airways^Afghanistan^SAFI AIRWAYS
4R^HHI^HI Hamburg International^Germany^Hamburg Jet
4T^BHP^Belair^Switzerland^BELAIR
4U^GWI^Germanwings^Germany^Germanwings
4W^WAV^Warbelow's Air Ventures^United States^WARBELOW
4Y^BLE^Blue Line^France^Blue Berry
4Z^LNK^Airlink^South Africa^LINK
5B^EAK^Euro Asia International^Kazakhstan^ 
5C^ICL^CAL Cargo Airlines/Cavei Avir Levitanim^Israel^ 
5D^SLI^Aeroméxico Connect^Mexico^Costera
5E^EKA^Equaflight Service^Republic of  Congo^ 
5F^BST^Arctic Circle Air^United States^ 
5H^FFV^Fly540^Kenya^SWIFT TANGO
5J^CEB^CEBU Pacific Air^Philippines^Cebu Air
5L^ASU^Aerosur^Bolivia^Aerosur
5M^^FlyMontserrat^Montserrat^Montserrat
5N^AUL^Arkhangelsk Airlines^Russian Federation^ 
5O^FPO^Europe Airpost^France^French Post
5P^PCP^PAL Airlines^Chile^PRINCIPAL
5Q^BEA^Best Air^Bangladesch^Best Air
5R^KAJ^Karthago Airlines^Tunisia^Karthago
5S^^Servicios Aereos Profesionales^Dominican Republic^ 
5T^ANW^Canadian North/Air NorTerra Inc^Canada^ 
5U^LDE^LADE Lineas Aereas del Estado^Argentina^LADE
5V^UKW^Lviv Airlines^Ukraine^ 
5W^AEU^Flystar Astraeus^United Kingdom^Flystar
5Y^IOS^Isles of Scilly Skybus^United Kingdom^SCILLONIA
5Z^BML^Bismillah Airlines^Bangladesch^ 
6A^CHP^AVIACSA^Mexico^AVIACSA
6B^BLX^TUIfly Nordic^Sweden^BlueScan
6D^PAS^Pelita Air Service^Indonesia^PELITA
6E^IGO^IndiGo Airlines^India^IFLY
6H^ISR^Israir Airlines^Israel^ 
6J^SNJ^Skynet Asia Airways^Japan^NEWSKY
6K^KTC^Kyrgyz Trans Avia^Kyrgyzstan^ 
6L^AKK^Aklak Air^Canada^ 
6M^AMG^Air Minas Linhas Aéreas^Brazil^Air Minas
6N^^Alnaser Airlines^Iraq^ 
6O^ASJ^Air Satellite^Canada^SATELLITE
6P^VOS^Gryphon Airlines^United States^ 
6Q^SAW^Cham Wings Airlines^Syria^SHAMWING
6R^DRU^Alrosa Mirny Air Enterprise^Russian Federation^Mirny
6S^KAT^Kato Air^Norway^ 
6T^LMT^Air Mandalay^Myanmar^Six Tango
6W^SOV^Saravia Saratov Airlines^Russian Federation^SARATOV AIR
6Y^^Tafa Air^Albania^ 
7A^NXA^Air Next^Japan^BLUE-DOLPHIN
7B^KJC^Kras Air Airlines^Russian Federation^Krasnoyarsk Air
7C^JJA^Jeju Air^South Korea^JEJUAIR
7D^UDC^Donbassaero Airlines^Ukraine^DONBASS AERO
7E^AWU^Sylt Air^Germany^ 
7F^FAB^First Air^Canada^ 
7G^SFJ^StarFlyer^Japan^Star Link
7H^ERH^Era Aviation^United States^ERA
7I^INC^Insel Air^Netherlands Antilles^Inselair
7J^TZK^Tajik Air^Tajikistan^TAJIKISTAN
7K^KGL^Kogalymavia Airlines^Russian Federation^ 
7L^CRN^Aerocaribbean^Cuba^ 
7N^^Inland Aviation Services^United States^ 
7O^GAL^Galaxy Air^Kyrgyzstan^GALAXY
7Q^TLR^Air Libya^Libya^Air Libya
7S^RYA^Arctic Transportation Services^United States^ 
7T^RTM^Aero Express Del Ecuador^Ecuador^ 
7U^ERG^Aviaenergo^Russian Federation^AVIAENERGO
7V^PDF^Pelican Air^South Africa^ 
7W^VIS^Aviation Assistance^Germany^ 
7Y^FCR^Flying Carpet Air Transportation & Services^Lebanon^FLYING CARPET
7Z^HCV^Halcyonair^Cape Verde^Creole
8A^BMM^Atlas Blue^Morocco^Atlas Blue
8B^GFI^Caribbean Star Airlines^Antigua and Barbuda^ 
8C^DXH^East Star Air^China^EAST STAR
8D^EXV^Expo Aviation^Sri Lanka^EXPOAVIA
8E^BRG^Bering Air^United States^Bering Air
8F^STP^STP Airways^Sao Tome and Principe^STP Airways
8H^HWY^Fly Lappeenranta^Finland^HIGHWAY
8J^JFU^Jet4you^Morocco^Argan
8L^LKE^Lucky Air^China^LUCKY AIR
8M^MMA^Myanmar Airways International^Myanmar^ 
8N^NKF^barents AirLink^Sweden^Nordflight
8O^YWZ^West Coast Air^Canada^Coast Air
8P^PCO^Pacific Coastal Airlines^Canada^PASCO
8Q^OHY^Onur Air^Turkey^Onur Air
8R^TIB^Trip Linhas Aereas^Brazil^TRIP
8T^TID^Air Tindi^Canada^ 
8U^AAW^Afriqiyah Airways^Libya^Afriqiyah
8V^ACP^Wright Air^United States^ 
8W^PWF^Private Wings Flugcharter GmbH^Germany^Private Wings
8Y^CYZ^Air Burundi^Burundi^ 
8Z^LER^LASER^Venezuela^LASER
8Z^WVL^Wizz Air Bulgaria^Bulgaria^Wizzbul
9B^2BB^Deutsche Bahn AG^Germany^ 
9C^GIL^Gill Airways^United Kingdom^ 
9D^THE^Toumaï Air Tchad^Chad^Toumai Air
9E^GXL^XL Airways Germany^Germany^Star Dust
9G^PGP^Perm Airlines^Russian Federation^Perm Air
9H^BXL^Bonaire Express^Netherlands Antilles^ 
9J^DAN^Dana Air^Nigeria^DANACO
9K^KAP^Cape Air^United States^CAIR
9L^CJC^Colgan Air^United States^Colgan
9M^GLR^Central Mountain Air^Canada^ 
9N^NSE^SATENA^Colombia^SATENA
9Q^PBA^PB Air^Thailand^ 
9S^CQH^Southern Air^United States^ 
9T^ABS^Athabaska Airlines^Canada^ 
9U^MLD^Air Moldova^Moldova^ 
9V^ROI^Avior Airlines^Venezuela^Avior
9W^JAI^Jet Airways (India)^India^JET AIRWAYS
9X^AXY^New Axis Airways^France^Axis
A0^AVI^L'Avion^France^Lavion
A2^AZI^Astra Airlines^Greece^Greek Star
A3^AEE^Aegean Airlines^Greece^Aegean
A5^RLA^Airlinair^France^Airlinair
A6^LPV^Air Alps Aviation^Austria^ 
A7^MPD^Air Comet^Spain^Red Comet
A8^BGL^Benin Golf Air^Benin^ 
A9^TGZ^Georgian Airways^Georgia^Tamasi
AA^AAL^American Airlines^United States^American
AB^BER^airberlin^Germany^Air Berlin
AC^ACA^Air Canada^Canada^Air Canada
AD^AZU^Azul Linhas Aéreas Brasileiras^Brazil^ 
AE^MDA^Mandarin Airlines^Taiwan^Mandarin
AF^AFR^Air France^France^Air France
AG^^Agni Air^Nepal^ 
AH^DAH^Air Algérie^Algeria^ 
AI^AIC^Air India^India^Air India
AJ^NIG^Aero Contractors^Nigeria^Aeroline
AK^AXM^AirAsia Berhad^Malaysia^Asian Express
AM^AMX^Aeroméxico^Mexico^AEROMEXICO
AO^AUZ^Australian Airlines^Australia^ 
AP^ADH^Air One^Italy^Heron
AQ^AAH^Aloha Airlines^United States^Aloha
AR^ARG^Aerolineas Argentinas S.A.^Argentina^ 
AS^ASA^Alaska Airlines^United States^ALASKA
AT^RAM^Royal Air Maroc^Morocco^ 
AU^AUT^Austral Lineas Aéreas^Argentina^Austral
AV^AVA^AVIANCA^Colombia^Avianca
AW^DIR^Dirgantara Air Services^Indonesia^ 
AX^BCI^Blue Islands^United Kingdom^Blue Islands
AX^LOF^Trans States Airlines^United States^WATERSKI
AY^FIN^Finnair^Finland^Finnair
AZ^AZA^Alitalia Linee Aeree Italiane^Italy^Alitalia
B2^BRU^Belavia - Belarusian Airlines^Belarus^Belavia
B3^BLV^Bellview Airlines^Nigeria^Bellview Airlines
B4^TAN^ZanAir^Tanzania^ZANAIR
B5^HSA^East African Safari Air^Kenya^DUMA
B6^JBU^JetBlue Airways^United States^JETBLUE
B7^UIA^Uni Airways^Taiwan^ 
B8^ERT^Eritrean Airlines^Eritrea^ 
B9^IRB^Iran Air Tours^Iran^Iran Air
BA^BAW^British Airways^United Kingdom^Speedbird
BB^BBB^Seabornes Airlines^Vietnam^ 
BC^SKY^Skymark Airlines^Japan^SKYMARK
BD^BMA^bmi british midland^United Kingdom^Midland
BE^BEE^FlyBE^United Kingdom^Jersey
BF^VAL^Vincent Aviation^New Zealand^Vincent
BG^BBC^Biman Bangladesh Airlines^Bangladesch^Bangladesh
BH^BHA^Hawkair Aviation^Canada^ 
BI^RBA^Royal Brunei Airlines^Brunei^Brunei
BJ^LBT^Nouvelair Tunisie^Tunisia^ 
BK^OKA^Potomac Air/US Airways Express^United States^ 
BL^PIC^Pacific Airlines^Vietnam^Pacific Express
BP^BOT^Air Botswana^Botswana^ 
BR^EVA^EVA Airways^Taiwan^EVA
BS^BIH^British International Helicopters^United Kingdom^BRINTEL
BT^BTI^Air Baltic^Latvia^Air Baltic
BV^BPA^blu-express^Italy^Blue Panorama
BW^BWA^Caribbean Airways^Trinidad and Tobago^ 
BX^CST^Coast Air^Norway^Coast Center
BY^TOM^Thomsonfly^United Kingdom^THOMSON
BZ^BDA^Blue Dart Aviation^India^ 
C0^CLW^Centralwings^Poland^Centralwings
C3^KIS^Contact Air^Germany^Lufthansa (DLH)
C4^MSO^Alma de Mexico^Mexico^ALMA
C5^UCA^CommutAir^United States^COMMUTAIR
C6^CJA^Canjet Airlines^Canada^ 
C7^RLE^Rico Linhas Aereas^Brazil^ 
C9^RUS^Cirrus Airlines^Germany^Cirrus
CA^CCA^Air China^China^Air China
CB^SAY^ScotAirways^United Kingdom^Suckling
CD^LLR^Air India Regional^India^Allied
CE^CLG^Chalair Aviation^France^CHALLAIR
CF^SDR^City Airline^Sweden^SWEDESTAR
CG^TOK^Airlines of Papua New Guinea^Papua New Guinea^Balus
CH^BMJ^Bemidji Airlines^United States^BEMIDJI
CI^CAL^China Airlines^China^Dynasty
CJ^CFE^BA CityFlyer^United Kingdom^Flyer
CK^CKK^China Cargo Airlines^China^ 
CM^CMP^COPA^Panama^ 
CN^GDC^Grand China Air^China^GRAND CHINA
CO^COA^Continental Airlines^United States^ 
CP^CPZ^Compass Airlines (North America)^United States^COMPASS ROSE
CQ^EXL^Sunshine Express Airlines^Australia^Sea
CS^CMI^Continental Micronesia^Guam^Air Mike
CU^CUB^Cubana de Aviacion^Cuba^ 
CV^CVA^Air Chathams^New Zealand^Chatham
CW^MRS^Air Marshall Islands^Marshall Islands^ 
CX^CPA^Cathay Pacific Airways^Hong Kong^Cathay
CY^CYP^Cyprus Airways^Cyprus^ 
CZ^CSN^China Southern Airlines^China^CHINA SOUTHERN
D1^^Direct Air & Tours^United States^ 
D2^SSF^Severstal Aircompany^Russian Federation^ 
D3^DAO^Daallo Airlines^Somalia^ 
D4^LID^Alidaunia^Italy^Alida
D6^ILN^Interair South Africa^Zimbabwe^ 
D7^XAX^Air Asia X^Malaysia^FAX AIR
D8^DJB^Djibouti Airlines^Djibouti^ 
D9^DNV^Aeroflot-Don^Russian Federation^ 
DB^BZH^Brit Air^France^Brit Air
DC^GOA^Golden Air^Sweden^Golden
DD^NOK^Nok Air^Thailand^NOK AIR
DE^CFG^Condor^Germany^Condor
DG^SRQ^South East Asian Airlines^Philippines^ 
DI^DVR^Divi Divi Air^Netherlands Antilles^Divi Air
DJ^VOZ^Virgin Blue^Australia^Virgin
DK^VKG^Thomas Cook Airlines Scandinavia^Denmark^Viking
DL^DAL^Delta Air Lines^United States^ 
DN^DKN^Deccan Aviation^India^DECCAN
DO^RVL^Air Vallee^Italy^ 
DQ^CXT^Coastal Air Transport^United States^ 
DR^UNK^Air Link^Australia^UNK
DS^EZS^Easyjet Switzerland^Switzerland^ 
DT^DTA^TAAG^Angola^ 
DU^HMS^Hemus Air^Bulgaria^ 
DV^VSV^SCAT^Kazakhstan^VLASTA
DW^UCR^Aero-Charter Ukraine^Ukraine^ 
DX^DTR^Danish Air Transport^Denmark^DANISH
DY^NAX^Norwegian Air Shuttle^Norway^Nor Shuttle
E4^GIE^Elysian Airlines^Cameroon^Elysian
E5^RBG^Air Arabia Egypt^Egypt^Air Arabia
E9^FPY^Compagnie Africaine d'Aviation (CAA)^Democratic Republic of Congo^AFRICOMPANY
EA^ANU^Andalus Lineas Aereas^Spain^Ándalus
EB^PLM^Air Pullmantur^Spain^PULLMANTUR
EC^TWN^Avialeasing Aviation Company^Uzbekistan^ 
ED^ABQ^Airblue^Pakistan^PAKBLUE
EG^JAA^Japan Asia Airways^Japan^ 
EH^AKX^Air Nippon Network^Japan^Alpha Wing
EI^EIN^Aer Lingus Irish Airlines^Ireland^Shamrock
EJ^NEA^New England Airlines^United States^ 
EK^UAE^Emirates^United Arab Emirates^ 
EL^ANK^Air Nippon^Japan^ 
EM^AEB^Aero Benin^Benin^ 
EN^DLA^Air Dolomiti^Italy^Dolomiti
EO^ALX^Hewa Bora Airways^Republic of  Congo^ 
EP^IRC^Iran Aseman Airlines^Iran^ 
EQ^TAE^TAME^Ecuador^ 
ET^ETH^Ethiopian Airlines^Ethiopia^ 
EU^UEA^Chengdu Airlines^China^UNITED EAGLE
EV^ASQ^Atlantic Southeast Airlines^United States^ACEY
EW^EWG^Eurowings^Germany^ 
EY^ETD^Etihad Airways^United Arab Emirates^Etihad
EZ^SUS^Sun Air of Scandinavia^Denmark^Sunscan
F5^ACY^Cosmic Air^Nepal^ 
F7^BBO^flybaboo^Switzerland^Baboo
F8^^Air2there^New Zealand^ 
F9^FTT^Frontier Airlines^United States^Frontier Flight
FB^FBF^Bulgaria Air^Bulgaria^ 
FC^WBA^Finncomm Airlines^Finland^Westbird
FD^AIQ^Thai AirAsia^Thailand^Thai Asia
FG^AFG^Ariana Afghan Airlines^Afghanistan^ARIANA
FH^FUA^Futura International Airlines^Spain^ 
FI^ICE^Icelandair^Iceland^ 
FJ^FJI^Air Pacific^Fiji^Pacific
FK^WAF^Africa West^Togo^ 
FL^TRS^Airtran Airways^United States^Citrus
FM^CSH^Shanghai Airlines^China^ 
FN^RGL^Regional Air Lines^Morocco^ 
FO^FXX^Felix Airways^Yemen^ 
FP^FRE^Freedom Air (Guam)^Guam^FREEDOM
FQ^BRI^Brindabella Airlines^Australia^Brindabella
FR^RYR^Ryanair^Ireland^Ryanair
FS^ACL^ItAli Airlines^Italy^ITALI
FT^SRH^Siem Reap Airways International^Cambodia^Siem Reap Air
FV^SDM^Rossiya Airlines^Russian Federation^Russia
FW^IBX^Fair^Japan^ 
FY^FFM^Firefly^Malaysia^Firefly
FZ^^Flydubai^United Arab Emirates^ 
G0^GHB^Ghana International Airlines^Ghana^Ghana Airlines
G1^^Gorkha Airlines^Nepal^ 
G2^VXG^Avirex^Gabon^ 
G3^GLO^Gol Transportes Aereos^Brazil^GOL
G4^AAY^Allegiant Air^United States^ALLEGIANT
G5^HXA^China Express Airlines^China^CHINA EXPRESS
G6^WLG^Air Volga^Russian Federation^GOUMRAK
G7^GJS^GoJet Airlines^United States^LINDBERGH
G8^GOW^Go Air^India^GOAIR
G9^ABY^Air Arabia^United Arab Emirates^Arabia
GA^GIA^Garuda Indonesia^Indonesia^Indonesia
GC^CET^Gambia International Airlines^Gambia^ 
GD^GSC^Air Alpha Greenland^Denmark^ 
GE^TNA^Trans Asia Airways^Taiwan^ 
GF^GFA^Gulf Air^Bahrain^ 
GH^GLP^Globus Airlines^Russian Federation^Globus
GI^GIB^ITEK-AIR^Kyrgyzstan^ 
GJ^EEZ^Eurofly^Italy^EURO
GL^BSK^Air Greenland^Greenland^ 
GM^SVK^Air Slovakia^Slovakia^ 
GQ^BSY^Big Sky Airlines^United States^ 
GR^AUR^Aurigny Air Services^United Kingdom^Ayline
GS^GCR^Tianjin Airlines^China^China Dragon
GU^GUG^AVIATECA^Guatemala^AVIATECA
GW^KIL^Kuban Airlines^Russian Federation^Air Kuban
GX^GXX^Primera Air^Iceland^Primera
GY^GBK^Gabon Airlines^Gabon^Gabon Airlines
GZ^RAR^Air Rarotonga^Cook Islands^ 
H2^CTB^Sky Airline^Chile^ 
H3^HES^Harbour Air^Canada^ 
H4^HLI^Heli Securite^France^ 
H6^HAG^Hageland Aviation^United States^ 
H7^EGU^Eagle Air^Uganda^ 
H8^KHB^Dalavia Far East Airways^Russian Federation^ 
HA^HAL^Hawaiian Airlines^United States^ 
HD^ADO^Hokkaido International Airlines/Air Do^Japan^ 
HE^LGW^Luftfahrtgesellschaft Walter^Germany^Walter
HF^HLF^Hapagfly^Germany^Hapag Lloyd
HG^NLY^Niki^Austria^ 
HH^AHO^Air Hamburg^Germany^AIR HAMBURG
HK^FSC^Yangon Airways Limited^Myanmar^ 
HK^^Höga Kusten Flyg^Sweden^ 
HM^SEY^Air Seychelles^Seychelles^ 
HO^DKH^Juneyao Airlines^China^AIR JUNEYAO
HP^AWE^America West^United States^ 
HQ^HMY^Harmony Airways^Canada^ 
HR^HHN^Hahn Air Lines^Germany^Rooster
HS^HSV^Direktflyg^Sweden^Highswede
HT^IMP^Hellenic Imperial Airways^Greece^Imperial
HU^CHH^Hainan Airlines^China^ 
HV^TRA^Transavia Airlines^Netherlands^Transavia
HW^FHE^Hello^Switzerland^FLYHELLO
HW^FHE^Iceland Express^Iceland^Flyhello
HX^HAS^Trans North Aviation^United States^ 
HY^UZB^Uzbekistan Airways^Uzbekistan^ 
HZ^SHU^SAT Sakhalin Airlines^Russian Federation^ 
I4^FWA^Interstate Airlines^Netherlands^Freewayair
I5^CMM^Compagnie Aérienne du Mali^Mali^CAMALI
I6^MXI^MexicanaLink^Mexico^Link
I7^PMW^Paramount Airways^India^PARAWAY
I9^AEY^Air Italy^Italy^Air Italy
IA^IAW^Iraqi Airways^Iraq^Iraqi
IB^IBE^IBERIA^Spain^Iberia
IC^IAC^Indian Airlines^British Indian Ocean Territory^ 
IE^SOL^Solomon Airlines^Solomon Islands^ 
IF^ISW^Islas Airways^Spain^PINTADERA
IG^ISS^Meridiana^Italy^Merair
IH^MZA^Irtysh Air^Kazakhstan^Irtysh
IK^AGU^Angara Airlines^Russian Federation^Sarma
IR^IRA^Iran Air^Iran^ 
IS^SWW^Island Airlines^United States^ 
IT^KFR^Kingfisher Airlines^India^Kingfisher
IV^JET^Wind Jet^Italy^GHIBLI
IW^WON^Wings Air^Indonesia^Wings Abadi
IX^AXB^Air India Express^India^Express India
IY^IYE^Yemenia Yemen Airways^Yemen^ 
IZ^AIZ^Arkia-Israeli Airlines^Israel^ 
J0^JLX^JetLink Express^Kenya^ 
J2^AHY^Azerbaijan Airlines^Azerbaijan^AZAL
J3^PLR^Northwestern Air Lease^Canada^ 
J4^BFL^Buffalo Airways^Canada^BUFFALO
J5^^Alaska Seaplane Service^United States^ 
J6^VCR^Larry's Flying Service^United States^ 
J7^CVC^Centre-Avia Airlines^Russian Federation^ 
J8^BVT^Berjaya Air^Malaysia^ 
J9^JZR^Jazeera Airways^Kuwait^Jazeera
JA^BON^B&H Airlines^Bosnia & Herzegovina^Air Bosna
JB^JBA^Helijet International^Canada^HELIJET
JC^JEX^JAL Express^Japan^ 
JD^DER^Deer Air^China^DEER JET
JE^MNO^Mango^South Africa^Tulca
JF^JAF^Jetairfly^Belgium^Beauty
JH^FDA^Fuji Dream Airlines^Japan^Fuji Dream
JJ^TAM^TAM Linhas Aereas^Brazil^TAM
JK^JKK^Spanair^Spain^Spanair
JL^JAL^Japan Airlines^Japan^ 
JM^AJM^Air Jamaica^Jamaica^Jamaica
JN^XLA^XL Airways UK^United Kingdom^EXPO
JO^JAZ^JALways^Japan^ 
JP^ADR^Adria Airways^Slovenia^Adria
JQ^JST^Jetstar Airways^Australia^Jetstar
JR^JOY^Joy Air^China^Joy Air
JS^KOR^Air Koryo^North Korea^AIR KORYO
JT^LNI^Lion Air^Indonesia^Lion Inter
JU^JAT^Jat Airways^Serbia^Jat
JV^BLS^Bearskin Airlines^Canada^Bearskin
JW^APW^Arrow Air^United States^ 
JY^IWY^Air Turks and Caicos^Turks and Caicos Islands^ISLANDWAYS
JZ^SKX^Skyways^Sweden^Skyexpress
K2^ELO^EuroLOT^Poland^EUROLOT
K3^TQN^Taquan Air Services^United States^ 
K4^CKS^Kalitta Air^United States^ 
K5^WAK^Wings of Alaska^United States^Wings of Alaska
K6^VAV^Cambodia Angkor Air^Cambodia^Air Angkor
K7^KBR^KoralBlue Airlines^Egypt^KORAL BLUE
K8^KLN^Dutch Caribbean Airline^Netherlands Antilles^ 
KA^HDA^Dragonair^Hong Kong^Dragon
KB^DRK^Druk Air^Bhutan^ 
KC^KZR^Air Astana^Kazakhstan^Astanaline
KE^KAL^Korean Air^South Korea^ 
KF^BLF^Blue1^Finland^Blue Finn
KG^GTV^Aerogaviota^Cuba^Aerogaviota
KI^DHI^Adam Air^Indonesia^Adam Sky
KK^KKK^AtlasJet^Turkey^Atlasjet
KL^KLM^KLM^Netherlands^KLM
KM^AMC^Air Malta^Malta^ 
KN^CUA^China United Airlines^China^LIANHANG
KO^AER^Alaska Central Express^United States^ 
KQ^KQA^Kenya Airways^Kenya^ 
KS^PEN^Penair^United States^ 
KU^KAC^Kuwait Airways^Kuwait^Kuwaiti
KV^MVD^Kavminvodyavia^Russian Federation^Air Minvody
KW^^Wataniya Airways^Kuwait^ 
KX^CAY^Cayman Airways^Cayman Islands^ 
KY^KNA^Kunming Airlines^China^KUNMING AIR
L3^JOS^DHL de Guatemala^Guatemala^ 
L5^HKS^CHC Helikopter Service^Norway^HELIBUS
L6^VNZ^TAM Air^Georgia^TBILAVIA
LA^LAN^Lan Chile^Chile^ 
LB^LLB^Lloyd Aéreo Boliviano^Bolivia^Boliviano
LC^LOG^Loganair^United Kingdom^LOGAN
LE^LEF^Efly^Malta^ 
LF^NDC^FlyNordic^Sweden^Nordic
LG^LGL^Luxair^Luxembourg^Luxair
LH^DLH^Deutsche Lufthansa^Germany^Lufthansa
LI^LIA^LIAT^Antigua and Barbuda^LIAT
LJ^SLA^Sierra National Airlines^Republic of Sierra Leone^ 
LL^BSK^Miami Air International^United States^Biscayne
LM^ALM^Livingston Energy Flight^Italy^ 
LN^LAA^Libyan Arab Airlines^Libya^ 
LO^LOT^LOT Polish Airlines^Poland^Lot
LP^LPE^Lan Peru^Peru^ 
LR^LRC^LACSA^Costa Rica^ 
LS^EXS^Jet2.com^United Kingdom^CHANNEX
LT^LTU^LTU^Germany^LTU
LU^LXP^LAN Express^Chile^LANEX
LV^LBC^Albanian Airlines^Albania^ 
LW^NMI^Pacific Wings^United States^ 
LX^SWR^Swiss International Air Lines^Switzerland^Swiss
LY^ELY^El Al Israel Airlines^Egypt^ 
M0^MNG^Amiri Flight^Qatar^ 
M3^NFA^Air Norway^Norway^North Flying
M4^NZA^Nayzak Air Transport^Libya^ 
M5^KEN^Kenmore Air^United States^KENMORE
M6^AJT^Amerijet International^United States^ 
M7^MSL^Marsland Aviation^Sudan^MARSLANDAIR
M8^TMW^Trans Maldivian Airways^Maldives^Trans Maldivian
M9^MOD^Motor Sich Aviakompania^Ukraine^ 
MA^MAH^Malev Hungarian Airlines^Hungary^Malev
MD^MDG^Air Madagascar^Madagascar^ 
ME^MEA^Middle East Airlines^Lebanon^ 
MF^CXA^Xiamen Airlines^China^ 
MH^MAS^Malaysia Airlines^Malaysia^MA
MI^SLK^Silk Air^Singapore^Silk Air
MJ^MLR^Mihin Lanka^Sri Lanka^Mihin Lanka
MK^MAU^Air Mauritius^Mauritius^ 
MM^MMZ^Euroatlantic Airways^Portugal^ 
MN^CAW^Kulula.com^South Africa^COMAIR
MO^CAV^Abu Dhabi Amiri Flight^United Arab Emirates^ 
MP^MPH^Martinair^Netherlands^ 
MQ^EGF^American Eagle Airlines^United States^Eagle Flight
MR^BIE^Air Mauritanie^Mauritania^ 
MS^MSR^Egyptair^Egypt^EgyptAir
MT^TCX^Thomas Cook Airlines UK^United Kingdom^Top Jet
MU^CES^China Eastern Airlines^China^ 
MV^MAT^Maldivian Air Taxi^Maldives^Air Taxi
MW^MAY^Maya Island Air^Belize^ 
MX^MXA^Mexicana de Aviacion^Mexico^ 
MY^MWA^Midwest Airlines^Egypt^ 
MZ^MNA^Merpati Nusantara Airlines^Indonesia^Merpati
N2^DAG^Dagestan Airlines^Russian Federation^DAGAL
N3^MAS^Aerolineas Mas^Dominican Republic^AERO MAS
N5^MDM^Medavia^Malta^Medavia
N9^NVD^Air Aland^Finland^ 
NA^NAO^North American Airlines^United States^North American
NB^SNB^Sterling European^Denmark^Sterling
NC^GTY^National Jet Systems^Australia^ 
NE^ESK^Sky Europe Airlines^Slovakia^Relax
NF^AVN^Air Vanuatu^Vanuatu^ 
NG^LDA^Lauda Air^Austria^Lauda Air
NH^ANA^ANA All Nippon Airways^Japan^ 
NI^PGA^PGA-Portugália Airlines^Portugal^Portugália
NJ^AOG^Aero VIP (Argentina)^Argentina^AVIP
NK^NKS^Spirit Airlines^United States^Spirit Wings
NL^SAI^Shaheen Air International^Pakistan^SHAHEEN AIR
NM^BPS^Manx2^United Kingdom^VANNIN
NN^MOV^VIM Airlines^Russian Federation^Mov Air
NO^NOS^Neos Air^Italy^MOONFLOWER
NP^NIA^Nile Air^Egypt^Hapi Air
NT^IBB^Binter Canarias^Spain^Binter
NU^JTA^Japan Transocean Air^Japan^ 
NV^CRF^Air Central^Japan^AIR CENTRAL
NW^NWA^Northwest Airlines^United States^ 
NX^AMU^Air Macau^Macau^ 
NY^FNA^Air Iceland^Iceland^Faxi
NZ^ANZ^Air New Zealand^New Zealand^ 
O2^JEA^Jet Air^Poland^JETA
O4^ABV^Antrak Air^Ghana^ANTRAK
O5^KMZ^Comores Aviation^Comoros^Comores Aviation International
O6^ONE^Oceanair^Brazil^OCEANAIR
O7^OZJ^OzJet^Australia^AUSJET
O9^NOV^Nova Airways^Sudan^Novanile
OA^OAL^Olympic Airlines^Greece^Olympic
OB^^Boliviana de Aviacion^Bolivia^ 
OF^FIF^Air Finland^Finland^Air Finland
OG^OTG^One-Two-GO Airlines^Thailand^Thai Express
OH^COM^Comair^United States^COMAIR
OI^^Aspiring Air^New Zealand^ 
OJ^OLA^Overland Airways^Nigeria^ 
OK^CSA^CSA Czech Airlines^Czech Republic^CSA Lines
OL^OLT^OLT^Germany^OLTRA
OM^MGL^Miat-Mongolian Airlines^Mongolia^ 
ON^RON^Our Airline^Nauru^Our Airline
OO^^SkyWest Airlines^United States^SKYWEST
OP^NOA^Olympic Air^Greece^OLYMPIC
OQ^CQN^Chongqing Airlines^China^CHONG QING
OR^TFL^Arkefly^Netherlands^Arkefly
OS^AUA^Austrian Airlines^Austria^Austrian
OT^PEL^Aeropelican Air Services^Australia^Aeropelican
OU^CTN^Croatia Airlines^Croatia^Croatia Airlines
OV^ELL^Estonian Air^Estonia^ 
OX^OEA^Orient Thai Airlines^Thailand^Orient Thai
OY^ANS^Andes Líneas Aéreas^Argentina^AEROANDES
OZ^AAR^Asiana Airlines^South Korea^Asiana
P0^PFZ^Proflight Commuter Services^Zambia^PROFLIGHT-ZAMBIA
P2^PIT^Panair^Italy^ 
P4^NSO^Aerolineas Sosa^Honduras^Sosa
P5^RBP^Aerorepublica^Colombia^Aerorepublica
P6^PSC^Pascan Aviation^Canada^PASCAN
P7^ESL^Russian Sky Airlines^Russian Federation^East Line Express
P8^PTN^Pantanal Linhas Aereas^Brazil^Pantanal
P9^PLY^Puma Air Linhas Aéreas^Brazil^Puma Air
PB^SPR^Provincial Airlines^Canada^ 
PC^FAJ^Air Fiji^Fiji^FIJIAIR
PD^POE^Porter Airlines^Canada^Porter Air
PE^PHB^Phoebus Apollo Aviation^South Africa^PHOEBUS
PF^PNW^Palestinian Airlines^Israel^ 
PG^BKP^Bangkok Airways^Thailand^Bangkok Air
PH^PAO^Polynesian^American Samoa^ 
PI^SUF^Sun Air/Sunflower Airlines^Fiji^ 
PJ^AOA^Air St. Pierre^France^ 
PK^PIA^Pakistan International Airlines^Pakistan^ 
PL^ASE^Airstars^Russian Federation^ 
PM^PIR^Pamir Airways^Afghanistan^Pamir
PN^CHB^West Air^China^West China
PQ^AES^Aerosur Paraguay^Paraguay^Aeroparaguay
PR^PAL^Philippine Airlines^Philippines^ 
PS^AUI^Ukraine International Airlines^Ukraine^Ukraine International
PU^PUA^PLUNA^Uruguay^PLUNA
PV^LTL^Pan Air Lineas Aereas^Spain^ 
PW^PRF^Precision Air^Tanzania^Precision Air
PX^ANG^Air Niugini^Papua New Guinea^ 
PY^SLM^Surinam Airways^Suriname^Surinam
PZ^LAP^TAM Mercosur^Paraguay^Paraguaya
Q2^DQA^Island Aviation^Maldives^CUTE
Q3^MAZ^Zambian Airways^Zambia^ 
Q4^SWX^Swazi Express Airways^Swaziland^ 
Q5^MLA^40-Mile Air^United States^MILE-AIR
Q6^SKP^Skytrans Airlines^Australia^SKYTRANS
Q7^^SkyBahamas Airlines^Bahamas^ 
Q8^PEC^Trans Air Congo^Republic of  Congo^ 
Q9^AFU^Afrinat International Airlines^Gambia^ 
QA^CBE^Click Mexicana^Mexico^CLICK
QB^GFG^Georgian National Airlines^Georgia^ 
QD^QCL^Air Class Lineas Aereas/AeroVIP^Uruguay^ 
QF^QFA^Qantas Airways^Australia^ 
QH^LYN^Altyn Air Airlines^Kyrgyzstan^ 
QI^CIM^Cimber Air^Denmark^ 
QJ^LTP^Latpass Airlines^Latvia^ 
QK^JZA^Air Canada Jazz^Canada^Jazz
QM^AML^Air Malawi^Malawi^ 
QN^ARR^Air Armenia^Armenia^AIR ARMENIA
QR^QTR^Qatar Airways^Qatar^ 
QS^TVS^Smart Wings^Czech Republic^Skytravel
QT^TPA^TAMPA Transportes Aereos Mercantiles Panamericanos^Colombia^ 
QV^LAO^Lao Aviation^Laos^ 
QW^BWG^Blue Wings^Germany^Blue Wings
QX^QXE^Horizon Air^United States^Horizon Air
QZ^AWQ^Indonesia AirAsia^Indonesia^Wagon Air
R2^ORB^Orenburg Airlines^Russian Federation^Orenburg
R3^SUL^Yakutia Airlines^Russian Federation^Air Yakutia
R5^JAV^Jordan Aviation^Jordan^Jordan Aviation
R6^DNU^Danu Oro Transportas^Lithuania^DANU
R7^OCA^Aserca Airlines^Venezuela^AROSCA
R9^TSD^TAF Linhas Aéreas^Brazil^Tafi
RA^RNA^Royal Nepal Airlines^Nepal^ 
RB^SYR^Syrian Arab Airlines^Syria^ 
RC^FLI^Atlantic Airways^Faroe Islands^Faroeline
RE^REA^Aer Arann^Ireland^Aer Arann
RF^FWL^Florida West International Airways^United States^ 
RG^VRG^Varig Brasil^Brazil^Varig
RH^RPH^Robin Hood Aviation^Austria^ 
RI^MDL^Mandala Airlines^Indonesia^Mandala
RJ^RJA^Royal Jordanian Airline^Jordan^ 
RK^^Region Avia Airlines^Russian Federation^ 
RL^AWD^Royal Phnom Penh Airways^Cambodia^ 
RM^RUC^RUTACA Airlines^Venezuela^RUTACA
RO^ROT^Tarom^Romania^Tarom
RP^CHQ^Chautauqua Airlines^United States^CHAUTAUQUA
RQ^KMR^Kam Air^Afghanistan^ 
RT^RKM^Airlines of South Australia^Australia^ 
RV^CPN^Caspian Airlines^Iran^CASPIAN
RW^RPA^Republic Airlines^United States^BRICKYARD
RZ^LRS^Sansa Airlines^Costa Rica^ 
S2^RSH^Jet Lite^India^JETLITE
S3^BBR^Santa Barbara Airlines^Venezuela^Santa Barbara
S4^RZO^SATA International^Portugal^ 
S5^TCF^Shuttle America^United States^MERCURY
S6^^Salmon Air^United States^ 
S7^SBI^S7 Airlines^Russian Federation^Siberian Airlines
SA^SAA^South African Airways^South Africa^ 
SB^ACI^Air Caledonie International^New Caledonia^Aircalin
SC^CDG^Shandong Airlines^China^ 
SD^SUD^Sudan Airways^Sudan^ 
SE^SEU^STAR Airlines^France^ 
SF^DTH^Tassili Airlines^Algeria^Tassili Air
SG^SEJ^Spicejet^India^SPICEJET
SH^SHA^Sharp Airlines^Australia^Sharp
SJ^FOM^Freedom Air^New Zealand^Free Air
SK^SAS^SAS Scandinavian Airlines^Sweden^Scandinavian
SL^SHR^Air Sylhet^Austria^SYLHET
SM^MNP^Spirit of Manila Airlines^Philippines^ 
SN^DAT^Brussels Airlines^Belgium^Estail
SP^SAT^SATA Air Acores^Portugal^ 
SQ^SIA^Singapore Airlines^Singapore^ 
SS^CRL^Corsair^France^Corsair
ST^GMI^Germania Express^Germany^Germania
SU^AFL^Aeroflot Russian Airlines^Russian Federation^Aeroflot
SV^SVA^Saudi Arabian Airlines^Saudi Arabia^ 
SW^NMB^Air Namibia^Namibia^ 
SX^SKB^Skybus Airlines^United States^Skybus
SY^SCX^Sun Country Airlines^United States^Sun Country
T0^TPU^TACA Peru^Peru^Trans Peru
T1^BST^Bestair^Turkey^Tunca
T2^TAS^Lotus Air^Egypt^LOTUS FLOWER
T3^EZE^Eastern Airways^United Kingdom^Eastflight
T4^TIB^TRIP Linhas Aéreas^Brazil^TRIP
T5^TUA^Turkmenistan^Turkmenistan^ 
T6^TVR^Tavrey Aircompany^Ukraine^ 
T7^TJT^Twin Jet^France^ 
TA^TAI^Taca International^El Salvador^ 
TC^ATC^Air Tanzania^Tanzania^ 
TD^LUR^Atlantis European Airways^Armenia^ATLANTIS LINER
TE^TIM^TEAM Linhas Aéreas^Brazil^Team Brasil
TF^SCW^Malmo Aviation^Sweden^Scanwig
TG^THA^Thai Airways^Thailand^ 
TH^BRT^British Airways CitiExpress^United Kingdom^ 
TK^THY^Turkish Airlines^Turkey^ 
TL^ANO^Airnorth Regional^Australia^ 
TM^LAM^LAM^Mozambique^ 
TN^THT^Air Tahiti Nui^French Polynesia^TAHITI AIRLINES
TO^PSD^President Airlines^Cambodia^ 
TP^TAP^TAP Air^Portugal^Air Portugal
TR^TGW^Tiger Airways^Singapore^Go Cat
TS^TSC^Air Transat^Canada^Transat
TT^TGW^Tiger Airways Australia^Australia^GO CAT
TU^TAR^Tunis Air^Tunisia^ 
TV^VEX^Virgin Express^Belgium^ 
TX^FWI^Air Caraibes^France^French West
TY^TPC^Air Caledonie^New Caledonia^Aircal
TZ^TGW^Air-taxi europe^Germany^Twingoose
U2^EZY^easyJet^United Kingdom^Easy
U3^AIA^Avies^Estonia^ 
U4^BHA^Buddha Air^Nepal^Buddha Air
U5^GWY^USA 3000 Airlines^United States^Getaway
U6^SVR^Ural Airlines^Russian Federation^Sverdlovsk Air
U7^UGA^Air Uganda^Uganda^UGANDA
U8^RNV^Armavia^Armenia^Armavia
U9^TAK^Tatarstan Airlines^Russian Federation^TATARSTAN
UA^UAL^United Airlines^United States^ 
UB^UBA^Myanma Airways^Myanmar^UNIONAIR
UC^DAP^Aerovias DAP^Chile^DAP
UD^FST^Hex'Air^France^ 
UE^NAS^Nasair^Eritrea^NASAIRWAYS
UF^UKM^Ukrainian Mediterranean Airlines^Ukraine^UKRAINE MEDITERRANEE
UG^SEN^Tuninter^Tunisia^ 
UH^USH^US Helicopter^United States^ 
UI^ECA^Eurocypria Airlines^Cyprus^ 
UJ^GMT^Magnicharters^Mexico^GRUPOMONTERREY
UL^ALK^SriLankan Airlines^Sri Lanka^ 
UM^AZW^Air Zimbabwe^Zimbabwe^ 
UN^TSO^Transaero Airlines^Russian Federation^ 
UO^AUO^Hong Kong Express Airways^Hong Kong^ 
UP^BHS^Bahamasair^Bahamas^Bahamas
UQ^SJU^Skyjet Airlines^Uganda^SKYJET
US^USA^US Airways^United States^US Air
UT^TMN^UTair^Russian Federation^UTAIR
UU^REU^Air Austral^Reunion^Reunion
UV^HSE^Helicopteros del Sureste^Spain^ 
UX^AEA^Air Europa Lineas Aereas^Spain^Europa
UY^UYC^Cameroon Airlines^Cameroon^ 
UZ^AIW^Buraq Air^Libya^ 
V0^VCV^Conviasa^Venezuela^Conviasa
V3^KRP^Carpatair^Romania^Carpatair
V4^VES^Vieques Air^Puerto Rico^Vieques
V5^VLI^Avolar^Mexico^Aerovolar
V6^VUR^VIP Ecuador^Ecuador^VIP
V7^SNG^Air Senegal International^Senegal^ 
V8^VAS^Atran-Aviatrans Cargo^Russian Federation^ 
V9^BTC^BAL^Russian Federation^ 
VA^VAU^V Australia^Australia^KANGA
VC^AGC^Strategic Airlines^Australia^Strategic
VD^KPA^Kunpeng Airlines^China^KUN PENG
VF^VLU^Valuair^Singapore^Valuair
VG^VLM^VLM Airlines^Belgium^Rubens
VH^ALV^Aeropostal Alas de Venezuela^Venezuela^ALVEN
VI^VDA^Volga-Dnepr Airlines^Russian Federation^Volga-Dnepr
VK^VGN^Virgin Nigeria Airways^Nigeria^ 
VL^VIM^Air Via^Bulgaria^ 
VM^VOA^Viaggio Air^Bulgaria^ 
VN^HVN^Vietnam Airlines^Vietnam^ 
VO^TYR^Tyrolean Airways^Austria^Austrian
VP^VJC^Indochina Airlines^Vietnam^INDOCHINA AIRLINES
VQ^IPU^Vintage Props & Jets^United States^ 
VR^TCV^TACV^Cape Verde^CABOVERDE
VS^VIR^Virgin Atlantic Airways^United Kingdom^Virgin
VT^VTA^Air Tahiti^French Polynesia^Air Tahiti
VU^VUN^Air Ivoire^Ivory Coast^ 
VV^AEW^Aerosvit Airlines^Ukraine^Aero Svit
VW^TAO^Aeromar^Mexico^Trans-Aeromar
VX^VRD^Virgin America^United States^REDWOOD
VY^VLG^Vueling Airlines^Spain^Vueling
VZ^MYT^MyTravel Airways^United Kingdom^Kestrel
W3^ARA^Arik Air^Nigeria^Arik Air
W4^BES^Aero Services Executive^France^ 
W5^IRM^Mahan Air^Iran^Mahan Air
W6^WZZ^Wizzair^Hungary^Wizzair
W7^SAH^Sayakhat Airlines^Kazakhstan^SAYAKHAT
W9^JAB^Air Bagan^Myanmar^Air Bagan
WA^KLC^KLM Cityhopper^Netherlands^City oder KLM
WB^RWD^Rwandair Express^Rwanda^ 
WC^ISV^Islena Airlines^Honduras^ 
WD^AAN^Amsterdam Airlines^Netherlands^AMSTEL
WF^WIF^Wideroe^Norway^ 
WG^SWG^Sunwing Airlines^Canada^Sunwing
WH^WEB^WebJet Linhas Aéreas^Brazil^WEBJET
WJ^LAL^Air Labrador^Canada^LAB AIR
WK^AFB^Edelweiss Air^Switzerland^ 
WL^APP^Aeroperlas^Panama^Aeroperlas
WM^WIA^Winair^Netherlands Antilles^Windward
WN^SWA^Southwest Airlines^United States^Southwest
WO^WOW^Air Southwest^United Kingdom^Swallow
WP^MKU^Aloha Island Air^United States^ 
WS^WJA^Westjet^Canada^Westjet
WT^WSG^Wasaya Airways^Canada^Wasaya
WU^CWU^Tikal Jets^Guatemala^ 
WW^BMI^bmibaby^United Kingdom^Baby
WY^OAS^Oman Air^Oman^ 
WZ^MDJ^Jet Tran Air^Romania^Air Romania
X3^HLX^TUIfly^Germany^Yellow Cab, Hapag
X7^AGB^Air Service Gabon^Gabon^ 
X8^DAP^Icaro Air^Ecuador^ 
XC^CLT^K.D. Air^Canada^ 
XD^FHY^Freebird Airlines^Turkey^Free Bird
XE^BTA^ExpressJet Airlines^United States^Jet Link
XF^VLK^Vladivostok Air^Russian Federation^ 
XG^AIS^Clickair^Spain^Clickair
XH^KHH^Alexandria Airlines^Egypt^ 
XH^LBY^Belle Air^Albania^Alban-Belle
XJ^MES^Mesaba Airlines^United States^MESABA
XK^CCM^CCM^France^CORSICA
XL^LNE^Lan Ecuador^Ecuador^ 
XM^JTE^Australian Air Express^Australia^ 
XN^XAR^Xpressair^Indonesia^Travel Express
XQ^SXS^Sun Express^Germany^Sun Express
XR^OZW^Skywest Airlines^Australia^OZWEST
XU^AXK^African Express Airways^Kenya^EXPRESS JET
XW^SXR^Skyexpress^Russian Federation^Skystorm
XY^KNE^Nas Air^Saudi Arabia^NAS EXPRESS
XZ^EXY^Congo Express^Democratic Republic of Congo^Expressway
Y2^GSM^Flyglobespan^United Kingdom^Globespan
Y4^VOI^Volaris^Mexico^VOLARIS
Y6^BTV^Batavia Air^Indonesia^BATAVIA
Y8^PTB^Passaredo Transportes Aéreos^Brazil^Passaredo
Y9^IRK^Kish Air^Iran^ 
YB^EXY^South African Express^South Africa^Expressways
YD^MTW^Mauritania Airways^Mauritania^ 
YE^IRY^Eram Air^Iran^Eram Air
YG^OTL^South Airlines^Ukraine^ 
YI^RSI^Air Sunshine^United States^ 
YK^KYV^Cyprus Turkish Airlines^Turkey^Air Kibris
YL^LLM^Yamal Airlines^Russian Federation^Yamal
YM^MGX^Montenegro Airlines^Montenegro^ 
YN^CRQ^Air Creebec^Canada^ 
YO^MCM^Heli Air Monaco^Monaco^HELI AIR
YQ^POT^Polet Airlines^Russian Federation^POLET
YR^EGJ^Scenic Airlines^United States^ 
YS^RAE^Régional^France^REGIONAL EUROPE
YT^^Yeti Airlines^Nepal^ 
YV^ASH^Mesa Airlines^United States^Air Shuttle
YW^ANS^Air Nostrum^Spain^Nostrum Air
YX^MEP^Midwest Airlines^United States^ 
Z2^RIT^Zest Airways^Philippines^Asian Spirit
Z3^GLA^Promech Airlines^United States^ 
Z4^OOM^Zoom Airlines^Canada^ZOOM
Z5^GMG^GMG Airlines^Bangladesch^ 
Z6^UDN^Dnieproavia^Ukraine^ 
Z7^AVJ^Avia Traffic Company^Kyrgyzstan^ATOMIC
Z8^AZN^Mali Airways^Mali^ 
Z9^DCP^Delta Connection (Kenya)^Kenya^Nilecat
ZB^MON^Monarch Airlines^United Kingdom^Monarch
ZE^ESR^Eastar Jet^South Korea^EASTAR
ZF^HHA^Atlantic Airlines de Honduras^Honduras^ 
ZG^VVM^Viva Macau^Macau^JACKPOT
ZH^CSZ^Shenzhen Airlines^China^ 
ZI^AAF^Aigle Azur^France^Aigle Azur
ZJ^ZMA^Zambezi Airlines^Zambia^Zambezi Wings
ZK^GLA^Great Lakes Aviation^United States^ 
ZL^HZL^Regional Express^Australia^Rex
ZM^CNB^Cityline Hungary^Hungary^ 
ZQ^NZA^Caribbean Sun Airlines^United States^ 
ZR^AZS^Aviacon Citotrans^Russian Federation^Citotrans
ZS^SMY^Sama Airlines^Saudi Arabia^ 
ZT^AWC^Titan Airways^United Kingdom^ZAP
ZU^BBT^Air Bashkortostan^Russian Federation^Agydal
ZW^AWI^Air Wisconsin^United States^Wisconsin
ZY^EZA^Eznis Airways^Mongolia^EZA
